This is pdfTeX, Version 3.141592653-2.6-1.40.27 (MiKTeX 25.4) (preloaded format=pdflatex 2025.6.8)  3 SEP 2025 09:07
entering extended mode
 restricted \write18 enabled.
 file:line:error style messages enabled.
 %&-line parsing enabled.
**"c:/Users/Nutzer/OneDrive/Documents/Master_RUB/04 - 01 Computational Plasticity/Assignment2/Computational-Plasticity_A2/Computational-Plasticity_A2-1/main.tex"
(c:/Users/Nutzer/OneDrive/Documents/Master_RUB/04 - 01 Computational Plasticity/Assignment2/Computational-Plasticity_A2/Computational-Plasticity_A2-1/main.tex
LaTeX2e <2025-06-01>
L3 programming layer <2025-05-26>
(C:\Users\Nutzer\AppData\Local\Programs\MiKTeX\tex/latex/base\article.cls
Document Class: article 2025/01/22 v1.4n Standard LaTeX document class
(C:\Users\Nutzer\AppData\Local\Programs\MiKTeX\tex/latex/base\size12.clo
File: size12.clo 2025/01/22 v1.4n Standard LaTeX file (size option)
)
\c@part=\count275
\c@section=\count276
\c@subsection=\count277
\c@subsubsection=\count278
\c@paragraph=\count279
\c@subparagraph=\count280
\c@figure=\count281
\c@table=\count282
\abovecaptionskip=\skip49
\belowcaptionskip=\skip50
\bibindent=\dimen148
) (C:\Users\Nutzer\AppData\Local\Programs\MiKTeX\tex/latex/graphics\graphicx.sty
Package: graphicx 2024/12/31 v1.2e Enhanced LaTeX Graphics (DPC,SPQR)
 (C:\Users\Nutzer\AppData\Local\Programs\MiKTeX\tex/latex/graphics\keyval.sty
Package: keyval 2022/05/29 v1.15 key=value parser (DPC)
\KV@toks@=\toks17
) (C:\Users\Nutzer\AppData\Local\Programs\MiKTeX\tex/latex/graphics\graphics.sty
Package: graphics 2024/08/06 v1.4g Standard LaTeX Graphics (DPC,SPQR)
 (C:\Users\Nutzer\AppData\Local\Programs\MiKTeX\tex/latex/graphics\trig.sty
Package: trig 2023/12/02 v1.11 sin cos tan (DPC)
) (C:\Users\Nutzer\AppData\Local\Programs\MiKTeX\tex/latex/graphics-cfg\graphics.cfg
File: graphics.cfg 2016/06/04 v1.11 sample graphics configuration
)
Package graphics Info: Driver file: pdftex.def on input line 106.
 (C:\Users\Nutzer\AppData\Local\Programs\MiKTeX\tex/latex/graphics-def\pdftex.def
File: pdftex.def 2024/04/13 v1.2c Graphics/color driver for pdftex
))
\Gin@req@height=\dimen149
\Gin@req@width=\dimen150
) (C:\Users\Nutzer\AppData\Local\Programs\MiKTeX\tex/latex/caption\caption.sty
Package: caption 2023/08/05 v3.6o Customizing captions (AR)
 (C:\Users\Nutzer\AppData\Local\Programs\MiKTeX\tex/latex/caption\caption3.sty
Package: caption3 2023/07/31 v2.4d caption3 kernel (AR)
\caption@tempdima=\dimen151
\captionmargin=\dimen152
\caption@leftmargin=\dimen153
\caption@rightmargin=\dimen154
\caption@width=\dimen155
\caption@indent=\dimen156
\caption@parindent=\dimen157
\caption@hangindent=\dimen158
Package caption Info: Standard document class detected.
)
\c@caption@flags=\count283
\c@continuedfloat=\count284
) (C:\Users\Nutzer\AppData\Local\Programs\MiKTeX\tex/latex/amsmath\amsmath.sty
Package: amsmath 2025/05/18 v2.17x AMS math features
\@mathmargin=\skip51

For additional information on amsmath, use the `?' option.
(C:\Users\Nutzer\AppData\Local\Programs\MiKTeX\tex/latex/amsmath\amstext.sty
Package: amstext 2024/11/17 v2.01 AMS text
 (C:\Users\Nutzer\AppData\Local\Programs\MiKTeX\tex/latex/amsmath\amsgen.sty
File: amsgen.sty 1999/11/30 v2.0 generic functions
\@emptytoks=\toks18
\ex@=\dimen159
)) (C:\Users\Nutzer\AppData\Local\Programs\MiKTeX\tex/latex/amsmath\amsbsy.sty
Package: amsbsy 1999/11/29 v1.2d Bold Symbols
\pmbraise@=\dimen160
) (C:\Users\Nutzer\AppData\Local\Programs\MiKTeX\tex/latex/amsmath\amsopn.sty
Package: amsopn 2022/04/08 v2.04 operator names
)
\inf@bad=\count285
LaTeX Info: Redefining \frac on input line 233.
\uproot@=\count286
\leftroot@=\count287
LaTeX Info: Redefining \overline on input line 398.
LaTeX Info: Redefining \colon on input line 409.
\classnum@=\count288
\DOTSCASE@=\count289
LaTeX Info: Redefining \ldots on input line 495.
LaTeX Info: Redefining \dots on input line 498.
LaTeX Info: Redefining \cdots on input line 619.
\Mathstrutbox@=\box53
\strutbox@=\box54
LaTeX Info: Redefining \big on input line 721.
LaTeX Info: Redefining \Big on input line 722.
LaTeX Info: Redefining \bigg on input line 723.
LaTeX Info: Redefining \Bigg on input line 724.
\big@size=\dimen161
LaTeX Font Info:    Redeclaring font encoding OML on input line 742.
LaTeX Font Info:    Redeclaring font encoding OMS on input line 743.
\macc@depth=\count290
LaTeX Info: Redefining \bmod on input line 904.
LaTeX Info: Redefining \pmod on input line 909.
LaTeX Info: Redefining \smash on input line 939.
LaTeX Info: Redefining \relbar on input line 969.
LaTeX Info: Redefining \Relbar on input line 970.
\c@MaxMatrixCols=\count291
\dotsspace@=\muskip17
\c@parentequation=\count292
\dspbrk@lvl=\count293
\tag@help=\toks19
\row@=\count294
\column@=\count295
\maxfields@=\count296
\andhelp@=\toks20
\eqnshift@=\dimen162
\alignsep@=\dimen163
\tagshift@=\dimen164
\tagwidth@=\dimen165
\totwidth@=\dimen166
\lineht@=\dimen167
\@envbody=\toks21
\multlinegap=\skip52
\multlinetaggap=\skip53
\mathdisplay@stack=\toks22
LaTeX Info: Redefining \[ on input line 2949.
LaTeX Info: Redefining \] on input line 2950.
) (C:\Users\Nutzer\AppData\Local\Programs\MiKTeX\tex/latex/geometry\geometry.sty
Package: geometry 2020/01/02 v5.9 Page Geometry
 (C:\Users\Nutzer\AppData\Local\Programs\MiKTeX\tex/generic/iftex\ifvtex.sty
Package: ifvtex 2019/10/25 v1.7 ifvtex legacy package. Use iftex instead.
 (C:\Users\Nutzer\AppData\Local\Programs\MiKTeX\tex/generic/iftex\iftex.sty
Package: iftex 2024/12/12 v1.0g TeX engine tests
))
\Gm@cnth=\count297
\Gm@cntv=\count298
\c@Gm@tempcnt=\count299
\Gm@bindingoffset=\dimen168
\Gm@wd@mp=\dimen169
\Gm@odd@mp=\dimen170
\Gm@even@mp=\dimen171
\Gm@layoutwidth=\dimen172
\Gm@layoutheight=\dimen173
\Gm@layouthoffset=\dimen174
\Gm@layoutvoffset=\dimen175
\Gm@dimlist=\toks23
 (C:\Users\Nutzer\AppData\Local\Programs\MiKTeX\tex/latex/geometry\geometry.cfg)) (C:\Users\Nutzer\AppData\Local\Programs\MiKTeX\tex/latex/float\float.sty
Package: float 2001/11/08 v1.3d Float enhancements (AL)
\c@float@type=\count300
\float@exts=\toks24
\float@box=\box55
\@float@everytoks=\toks25
\@floatcapt=\box56
) (C:\Users\Nutzer\AppData\Local\Programs\MiKTeX\tex/latex/booktabs\booktabs.sty
Package: booktabs 2020/01/12 v1.61803398 Publication quality tables
\heavyrulewidth=\dimen176
\lightrulewidth=\dimen177
\cmidrulewidth=\dimen178
\belowrulesep=\dimen179
\belowbottomsep=\dimen180
\aboverulesep=\dimen181
\abovetopsep=\dimen182
\cmidrulesep=\dimen183
\cmidrulekern=\dimen184
\defaultaddspace=\dimen185
\@cmidla=\count301
\@cmidlb=\count302
\@aboverulesep=\dimen186
\@belowrulesep=\dimen187
\@thisruleclass=\count303
\@lastruleclass=\count304
\@thisrulewidth=\dimen188
) (C:\Users\Nutzer\AppData\Local\Programs\MiKTeX\tex/latex/tools\longtable.sty
Package: longtable 2024-12-18 v4.23 Multi-page Table package (DPC)
\LTleft=\skip54
\LTright=\skip55
\LTpre=\skip56
\LTpost=\skip57
\LTchunksize=\count305
\LTcapwidth=\dimen189
\LT@head=\box57
\LT@firsthead=\box58
\LT@foot=\box59
\LT@lastfoot=\box60
\LT@gbox=\box61
\LT@cols=\count306
\LT@rows=\count307
\c@LT@tables=\count308
\c@LT@chunks=\count309
\LT@p@ftn=\toks26
) (C:\Users\Nutzer\AppData\Local\Programs\MiKTeX\tex/latex/setspace\setspace.sty
Package: setspace 2022/12/04 v6.7b set line spacing
) (C:\Users\Nutzer\AppData\Local\Programs\MiKTeX\tex/latex/tools\indentfirst.sty
Package: indentfirst 2023/07/02 v1.03 Indent first paragraph (DPC)
) (C:\Users\Nutzer\AppData\Local\Programs\MiKTeX\tex/latex/titlesec\titlesec.sty
Package: titlesec 2025/01/04 v2.17 Sectioning titles
\ttl@box=\box62
\beforetitleunit=\skip58
\aftertitleunit=\skip59
\ttl@plus=\dimen190
\ttl@minus=\dimen191
\ttl@toksa=\toks27
\titlewidth=\dimen192
\titlewidthlast=\dimen193
\titlewidthfirst=\dimen194
) (C:\Users\Nutzer\AppData\Local\Programs\MiKTeX\tex/latex/l3backend\l3backend-pdftex.def
File: l3backend-pdftex.def 2025-04-14 L3 backend support: PDF output (pdfTeX)
\l__color_backend_stack_int=\count310
) (main.aux

LaTeX Warning: Label `fig:CombinedStressDistribution' multiply defined.

)
\openout1 = `main.aux'.

LaTeX Font Info:    Checking defaults for OML/cmm/m/it on input line 24.
LaTeX Font Info:    ... okay on input line 24.
LaTeX Font Info:    Checking defaults for OMS/cmsy/m/n on input line 24.
LaTeX Font Info:    ... okay on input line 24.
LaTeX Font Info:    Checking defaults for OT1/cmr/m/n on input line 24.
LaTeX Font Info:    ... okay on input line 24.
LaTeX Font Info:    Checking defaults for T1/cmr/m/n on input line 24.
LaTeX Font Info:    ... okay on input line 24.
LaTeX Font Info:    Checking defaults for TS1/cmr/m/n on input line 24.
LaTeX Font Info:    ... okay on input line 24.
LaTeX Font Info:    Checking defaults for OMX/cmex/m/n on input line 24.
LaTeX Font Info:    ... okay on input line 24.
LaTeX Font Info:    Checking defaults for U/cmr/m/n on input line 24.
LaTeX Font Info:    ... okay on input line 24.
 (C:\Users\Nutzer\AppData\Local\Programs\MiKTeX\tex/context/base/mkii\supp-pdf.mkii
[Loading MPS to PDF converter (version 2006.09.02).]
\scratchcounter=\count311
\scratchdimen=\dimen195
\scratchbox=\box63
\nofMPsegments=\count312
\nofMParguments=\count313
\everyMPshowfont=\toks28
\MPscratchCnt=\count314
\MPscratchDim=\dimen196
\MPnumerator=\count315
\makeMPintoPDFobject=\count316
\everyMPtoPDFconversion=\toks29
) (C:\Users\Nutzer\AppData\Local\Programs\MiKTeX\tex/latex/epstopdf-pkg\epstopdf-base.sty
Package: epstopdf-base 2020-01-24 v2.11 Base part for package epstopdf
Package epstopdf-base Info: Redefining graphics rule for `.eps' on input line 485.
 (C:\Users\Nutzer\AppData\Local\Programs\MiKTeX\tex/latex/00miktex\epstopdf-sys.cfg
File: epstopdf-sys.cfg 2021/03/18 v2.0 Configuration of epstopdf for MiKTeX
))
Package caption Info: Begin \AtBeginDocument code.
Package caption Info: float package is loaded.
Package caption Info: longtable package is loaded.
 (C:\Users\Nutzer\AppData\Local\Programs\MiKTeX\tex/latex/caption\ltcaption.sty
Package: ltcaption 2021/01/08 v1.4c longtable captions (AR)
)
Package caption Info: End \AtBeginDocument code.

*geometry* driver: auto-detecting
*geometry* detected driver: pdftex
*geometry* verbose mode - [ preamble ] result:
* driver: pdftex
* paper: <default>
* layout: <same size as paper>
* layoutoffset:(h,v)=(0.0pt,0.0pt)
* modes: 
* h-part:(L,W,R)=(72.26999pt, 469.75502pt, 72.26999pt)
* v-part:(T,H,B)=(72.26999pt, 650.43001pt, 72.26999pt)
* \paperwidth=614.295pt
* \paperheight=794.96999pt
* \textwidth=469.75502pt
* \textheight=650.43001pt
* \oddsidemargin=0.0pt
* \evensidemargin=0.0pt
* \topmargin=-37.0pt
* \headheight=12.0pt
* \headsep=25.0pt
* \topskip=12.0pt
* \footskip=30.0pt
* \marginparwidth=44.0pt
* \marginparsep=10.0pt
* \columnsep=10.0pt
* \skip\footins=10.8pt plus 4.0pt minus 2.0pt
* \hoffset=0.0pt
* \voffset=0.0pt
* \mag=1000
* \@twocolumnfalse
* \@twosidefalse
* \@mparswitchfalse
* \@reversemarginfalse
* (1in=72.27pt=25.4mm, 1cm=28.453pt)



[1

{C:/Users/Nutzer/AppData/Local/MiKTeX/fonts/map/pdftex/pdftex.map}]
<images/GEO_Base.png, id=13, 377.7312pt x 320.6379pt>
File: images/GEO_Base.png Graphic file (type png)
<use images/GEO_Base.png>
Package pdftex.def Info: images/GEO_Base.png  used on input line 82.
(pdftex.def)             Requested size: 281.85587pt x 239.25958pt.


[2 <./images/GEO_Base.png>]
<images/MESH_Base.png, id=19, 471.2004pt x 360.8682pt>
File: images/MESH_Base.png Graphic file (type png)
<use images/MESH_Base.png>
Package pdftex.def Info: images/MESH_Base.png  used on input line 155.
(pdftex.def)             Requested size: 422.77664pt x 323.78722pt.


[3]
<images/Mesh1.png, id=23, 1205.50375pt x 852.18375pt>
File: images/Mesh1.png Graphic file (type png)
<use images/Mesh1.png>
Package pdftex.def Info: images/Mesh1.png  used on input line 190.
(pdftex.def)             Requested size: 112.74377pt x 79.69698pt.
<images/Mesh2.png, id=24, 1205.50375pt x 852.18375pt>
File: images/Mesh2.png Graphic file (type png)
<use images/Mesh2.png>
Package pdftex.def Info: images/Mesh2.png  used on input line 195.
(pdftex.def)             Requested size: 112.74377pt x 79.69698pt.
<images/Mesh3.png, id=25, 1205.50375pt x 852.18375pt>
File: images/Mesh3.png Graphic file (type png)
<use images/Mesh3.png>
Package pdftex.def Info: images/Mesh3.png  used on input line 200.
(pdftex.def)             Requested size: 112.74377pt x 79.69698pt.
<images/Mesh4.png, id=26, 1205.50375pt x 852.18375pt>
File: images/Mesh4.png Graphic file (type png)
<use images/Mesh4.png>
Package pdftex.def Info: images/Mesh4.png  used on input line 205.
(pdftex.def)             Requested size: 112.74377pt x 79.69698pt.


[4 <./images/MESH_Base.png>]
<images/Mesh5.png, id=31, 1205.50375pt x 852.18375pt>
File: images/Mesh5.png Graphic file (type png)
<use images/Mesh5.png>
Package pdftex.def Info: images/Mesh5.png  used on input line 214.
(pdftex.def)             Requested size: 112.74377pt x 79.69698pt.
<images/Mesh6.png, id=32, 1205.50375pt x 852.18375pt>
File: images/Mesh6.png Graphic file (type png)
<use images/Mesh6.png>
Package pdftex.def Info: images/Mesh6.png  used on input line 219.
(pdftex.def)             Requested size: 112.74377pt x 79.69698pt.
<images/Mesh7.png, id=33, 1205.50375pt x 852.18375pt>
File: images/Mesh7.png Graphic file (type png)
<use images/Mesh7.png>
Package pdftex.def Info: images/Mesh7.png  used on input line 224.
(pdftex.def)             Requested size: 112.74377pt x 79.69698pt.
<images/Mesh8.png, id=34, 1205.50375pt x 852.18375pt>
File: images/Mesh8.png Graphic file (type png)
<use images/Mesh8.png>
Package pdftex.def Info: images/Mesh8.png  used on input line 229.
(pdftex.def)             Requested size: 112.74377pt x 79.69698pt.
<images/S22_Mesh1.png, id=35, 1209.51875pt x 852.18375pt>
File: images/S22_Mesh1.png Graphic file (type png)
<use images/S22_Mesh1.png>
Package pdftex.def Info: images/S22_Mesh1.png  used on input line 255.
(pdftex.def)             Requested size: 225.4804pt x 158.86082pt.
<images/S22_Mesh2.png, id=36, 1209.51875pt x 852.18375pt>
File: images/S22_Mesh2.png Graphic file (type png)
<use images/S22_Mesh2.png>
Package pdftex.def Info: images/S22_Mesh2.png  used on input line 256.
(pdftex.def)             Requested size: 225.4804pt x 158.86082pt.
<images/S22_Mesh3.png, id=37, 1209.51875pt x 852.18375pt>
File: images/S22_Mesh3.png Graphic file (type png)
<use images/S22_Mesh3.png>
Package pdftex.def Info: images/S22_Mesh3.png  used on input line 257.
(pdftex.def)             Requested size: 225.4804pt x 158.86082pt.
<images/S22_Mesh4.png, id=38, 1209.51875pt x 852.18375pt>
File: images/S22_Mesh4.png Graphic file (type png)
<use images/S22_Mesh4.png>
Package pdftex.def Info: images/S22_Mesh4.png  used on input line 258.
(pdftex.def)             Requested size: 225.4804pt x 158.86082pt.


[5 <./images/Mesh1.png (PNG copy)> <./images/Mesh2.png> <./images/Mesh3.png> <./images/Mesh4.png> <./images/Mesh5.png> <./images/Mesh6.png> <./images/Mesh7.png> <./images/Mesh8.png>]
<images/S22_Mesh5.png, id=50, 1209.51875pt x 852.18375pt>
File: images/S22_Mesh5.png Graphic file (type png)
<use images/S22_Mesh5.png>
Package pdftex.def Info: images/S22_Mesh5.png  used on input line 264.
(pdftex.def)             Requested size: 225.4804pt x 158.86082pt.
<images/S22_Mesh6.png, id=51, 1209.51875pt x 852.18375pt>
File: images/S22_Mesh6.png Graphic file (type png)
<use images/S22_Mesh6.png>
Package pdftex.def Info: images/S22_Mesh6.png  used on input line 265.
(pdftex.def)             Requested size: 225.4804pt x 158.86082pt.
<images/S22_Mesh7.png, id=52, 1209.51875pt x 852.18375pt>
File: images/S22_Mesh7.png Graphic file (type png)
<use images/S22_Mesh7.png>
Package pdftex.def Info: images/S22_Mesh7.png  used on input line 266.
(pdftex.def)             Requested size: 225.4804pt x 158.86082pt.
<images/S22_Mesh8.png, id=53, 1209.51875pt x 852.18375pt>
File: images/S22_Mesh8.png Graphic file (type png)
<use images/S22_Mesh8.png>
Package pdftex.def Info: images/S22_Mesh8.png  used on input line 267.
(pdftex.def)             Requested size: 225.4804pt x 158.86082pt.


[6 <./images/S22_Mesh1.png> <./images/S22_Mesh2.png (PNG copy)> <./images/S22_Mesh3.png> <./images/S22_Mesh4.png (PNG copy)>]
<images/StressConc.png, id=59, 512.1534pt x 307.3884pt>
File: images/StressConc.png Graphic file (type png)
<use images/StressConc.png>
Package pdftex.def Info: images/StressConc.png  used on input line 281.
(pdftex.def)             Requested size: 469.75502pt x 281.95178pt.


[7 <./images/S22_Mesh5.png (PNG copy)> <./images/S22_Mesh6.png (PNG copy)> <./images/S22_Mesh7.png> <./images/S22_Mesh8.png (PNG copy)>]
<images/Kt.png, id=65, 512.1534pt x 319.9152pt>
File: images/Kt.png Graphic file (type png)
<use images/Kt.png>
Package pdftex.def Info: images/Kt.png  used on input line 292.
(pdftex.def)             Requested size: 469.75502pt x 293.442pt.


[8 <./images/StressConc.png>]
<images/half_mesh.png, id=70, 468.75125pt x 852.18375pt>
File: images/half_mesh.png Graphic file (type png)
<use images/half_mesh.png>
Package pdftex.def Info: images/half_mesh.png  used on input line 311.
(pdftex.def)             Requested size: 225.4804pt x 409.91476pt.
<images/half.png, id=71, 132.2541pt x 298.2342pt>
File: images/half.png Graphic file (type png)
<use images/half.png>
Package pdftex.def Info: images/half.png  used on input line 317.
(pdftex.def)             Requested size: 187.89914pt x 423.72307pt.


[9 <./images/Kt.png>]

[10 <./images/half_mesh.png> <./images/half.png>]
<visualize_tensileGraph/res/Iso_Hard.png, id=81, 867.24pt x 578.16pt>
File: visualize_tensileGraph/res/Iso_Hard.png Graphic file (type png)
<use visualize_tensileGraph/res/Iso_Hard.png>
Package pdftex.def Info: visualize_tensileGraph/res/Iso_Hard.png  used on input line 334.
(pdftex.def)             Requested size: 469.75502pt x 313.17216pt.
<visualize_tensileGraph/res/Kin_Hard.png, id=82, 867.24pt x 578.16pt>
File: visualize_tensileGraph/res/Kin_Hard.png Graphic file (type png)
<use visualize_tensileGraph/res/Kin_Hard.png>
Package pdftex.def Info: visualize_tensileGraph/res/Kin_Hard.png  used on input line 347.
(pdftex.def)             Requested size: 469.75502pt x 313.17216pt.


[11 <./visualize_tensileGraph/res/Iso_Hard.png>]
<visualize_tensileGraph/res/Com_Hard.png, id=88, 867.24pt x 578.16pt>
File: visualize_tensileGraph/res/Com_Hard.png Graphic file (type png)
<use visualize_tensileGraph/res/Com_Hard.png>
Package pdftex.def Info: visualize_tensileGraph/res/Com_Hard.png  used on input line 361.
(pdftex.def)             Requested size: 469.75502pt x 313.17216pt.


[12 <./visualize_tensileGraph/res/Kin_Hard.png>]
<visualize_tensileGraph/res/Hardening_Graph.png, id=93, 867.24pt x 578.16pt>
File: visualize_tensileGraph/res/Hardening_Graph.png Graphic file (type png)
<use visualize_tensileGraph/res/Hardening_Graph.png>
Package pdftex.def Info: visualize_tensileGraph/res/Hardening_Graph.png  used on input line 367.
(pdftex.def)             Requested size: 469.75502pt x 313.17216pt.


[13 <./visualize_tensileGraph/res/Com_Hard.png>]
<images/Q3-PlaneStrain.png, id=99, 429.605pt x 123.96312pt>
File: images/Q3-PlaneStrain.png Graphic file (type png)
<use images/Q3-PlaneStrain.png>
Package pdftex.def Info: images/Q3-PlaneStrain.png  used on input line 379.
(pdftex.def)             Requested size: 328.82707pt x 94.88443pt.
<images/Q3-ElasticStiffness.png, id=100, 682.55pt x 150.5625pt>
File: images/Q3-ElasticStiffness.png Graphic file (type png)
<use images/Q3-ElasticStiffness.png>
Package pdftex.def Info: images/Q3-ElasticStiffness.png  used on input line 386.
(pdftex.def)             Requested size: 328.82707pt x 72.53566pt.


[14 <./visualize_tensileGraph/res/Hardening_Graph.png> <./images/Q3-PlaneStrain.png>]
<images/Q3-VonMises.png, id=106, 947.54pt x 112.92188pt>
File: images/Q3-VonMises.png Graphic file (type png)
<use images/Q3-VonMises.png>
Package pdftex.def Info: images/Q3-VonMises.png  used on input line 393.
(pdftex.def)             Requested size: 328.82707pt x 39.18724pt.
<visualize_tensileGraph/res/TrueStressStrain_J2.png, id=107, 569.0058pt x 403.7484pt>
File: visualize_tensileGraph/res/TrueStressStrain_J2.png Graphic file (type png)
<use visualize_tensileGraph/res/TrueStressStrain_J2.png>
Package pdftex.def Info: visualize_tensileGraph/res/TrueStressStrain_J2.png  used on input line 407.
(pdftex.def)             Requested size: 422.77664pt x 299.98895pt.


[15 <./images/Q3-ElasticStiffness.png> <./images/Q3-VonMises.png>]
<images/Q3-3/MISES_1.png, id=113, 1283.79625pt x 902.37125pt>
File: images/Q3-3/MISES_1.png Graphic file (type png)
<use images/Q3-3/MISES_1.png>
Package pdftex.def Info: images/Q3-3/MISES_1.png  used on input line 431.
(pdftex.def)             Requested size: 225.4804pt x 158.48186pt.
<images/Q3-3/MISES_2.png, id=114, 1283.79625pt x 902.37125pt>
File: images/Q3-3/MISES_2.png Graphic file (type png)
<use images/Q3-3/MISES_2.png>
Package pdftex.def Info: images/Q3-3/MISES_2.png  used on input line 437.
(pdftex.def)             Requested size: 225.4804pt x 158.48186pt.
<images/Q3-3/MISES_3.png, id=115, 1283.79625pt x 902.37125pt>
File: images/Q3-3/MISES_3.png Graphic file (type png)
<use images/Q3-3/MISES_3.png>
Package pdftex.def Info: images/Q3-3/MISES_3.png  used on input line 444.
(pdftex.def)             Requested size: 225.4804pt x 158.48186pt.
<images/Q3-3/MISES_4.png, id=116, 1283.79625pt x 902.37125pt>
File: images/Q3-3/MISES_4.png Graphic file (type png)
<use images/Q3-3/MISES_4.png>
Package pdftex.def Info: images/Q3-3/MISES_4.png  used on input line 449.
(pdftex.def)             Requested size: 225.4804pt x 158.48186pt.


[16 <./visualize_tensileGraph/res/TrueStressStrain_J2.png>]
<images/Q3-3/PEEQ_1.png, id=121, 1283.79625pt x 902.37125pt>
File: images/Q3-3/PEEQ_1.png Graphic file (type png)
<use images/Q3-3/PEEQ_1.png>
Package pdftex.def Info: images/Q3-3/PEEQ_1.png  used on input line 467.
(pdftex.def)             Requested size: 225.4804pt x 158.48186pt.
<images/Q3-3/PEEQ_2.png, id=122, 1283.79625pt x 902.37125pt>
File: images/Q3-3/PEEQ_2.png Graphic file (type png)
<use images/Q3-3/PEEQ_2.png>
Package pdftex.def Info: images/Q3-3/PEEQ_2.png  used on input line 473.
(pdftex.def)             Requested size: 225.4804pt x 158.48186pt.
<images/Q3-3/PEEQ_3.png, id=123, 1283.79625pt x 902.37125pt>
File: images/Q3-3/PEEQ_3.png Graphic file (type png)
<use images/Q3-3/PEEQ_3.png>
Package pdftex.def Info: images/Q3-3/PEEQ_3.png  used on input line 479.
(pdftex.def)             Requested size: 225.4804pt x 158.48186pt.
<images/Q3-3/PEEQ_4.png, id=124, 1283.79625pt x 902.37125pt>
File: images/Q3-3/PEEQ_4.png Graphic file (type png)
<use images/Q3-3/PEEQ_4.png>
Package pdftex.def Info: images/Q3-3/PEEQ_4.png  used on input line 484.
(pdftex.def)             Requested size: 225.4804pt x 158.48186pt.


[17 <./images/Q3-3/MISES_1.png> <./images/Q3-3/MISES_2.png> <./images/Q3-3/MISES_3.png> <./images/Q3-3/MISES_4.png>]
<images/Q3-4/SDV1.png, id=132, 1171.37625pt x 902.37125pt>
File: images/Q3-4/SDV1.png Graphic file (type png)
<use images/Q3-4/SDV1.png>
Package pdftex.def Info: images/Q3-4/SDV1.png  used on input line 497.
(pdftex.def)             Requested size: 328.82707pt x 253.30937pt.


[18 <./images/Q3-3/PEEQ_1.png> <./images/Q3-3/PEEQ_2.png> <./images/Q3-3/PEEQ_3.png> <./images/Q3-3/PEEQ_4.png>]
<images/Q3-4/SDV2.png, id=140, 1171.37625pt x 902.37125pt>
File: images/Q3-4/SDV2.png Graphic file (type png)
<use images/Q3-4/SDV2.png>
Package pdftex.def Info: images/Q3-4/SDV2.png  used on input line 503.
(pdftex.def)             Requested size: 328.82707pt x 253.30937pt.
<images/Q3-4/SDV3.png, id=141, 1171.37625pt x 902.37125pt>
File: images/Q3-4/SDV3.png Graphic file (type png)
<use images/Q3-4/SDV3.png>
Package pdftex.def Info: images/Q3-4/SDV3.png  used on input line 509.
(pdftex.def)             Requested size: 328.82707pt x 253.30937pt.


[19 <./images/Q3-4/SDV1.png> <./images/Q3-4/SDV2.png>]
<images/Q3-4/SDV4.png, id=148, 1171.37625pt x 902.37125pt>
File: images/Q3-4/SDV4.png Graphic file (type png)
<use images/Q3-4/SDV4.png>
Package pdftex.def Info: images/Q3-4/SDV4.png  used on input line 515.
(pdftex.def)             Requested size: 328.82707pt x 253.30937pt.
<images/Q3-4/SDV5.png, id=149, 1171.37625pt x 902.37125pt>
File: images/Q3-4/SDV5.png Graphic file (type png)
<use images/Q3-4/SDV5.png>
Package pdftex.def Info: images/Q3-4/SDV5.png  used on input line 521.
(pdftex.def)             Requested size: 328.82707pt x 253.30937pt.


[20 <./images/Q3-4/SDV3.png> <./images/Q3-4/SDV4.png>]
<images/Q3-4/SDV6.png, id=155, 1171.37625pt x 902.37125pt>
File: images/Q3-4/SDV6.png Graphic file (type png)
<use images/Q3-4/SDV6.png>
Package pdftex.def Info: images/Q3-4/SDV6.png  used on input line 527.
(pdftex.def)             Requested size: 328.82707pt x 253.30937pt.
<images/Q3-4/SDV7.png, id=156, 1171.37625pt x 902.37125pt>
File: images/Q3-4/SDV7.png Graphic file (type png)
<use images/Q3-4/SDV7.png>
Package pdftex.def Info: images/Q3-4/SDV7.png  used on input line 533.
(pdftex.def)             Requested size: 328.82707pt x 253.30937pt.


[21 <./images/Q3-4/SDV5.png> <./images/Q3-4/SDV6.png>]
<images/Q3-4/SDV8.png, id=162, 1171.37625pt x 902.37125pt>
File: images/Q3-4/SDV8.png Graphic file (type png)
<use images/Q3-4/SDV8.png>
Package pdftex.def Info: images/Q3-4/SDV8.png  used on input line 539.
(pdftex.def)             Requested size: 328.82707pt x 253.30937pt.
<images/Q3-4/SDV9.png, id=163, 1171.37625pt x 902.37125pt>
File: images/Q3-4/SDV9.png Graphic file (type png)
<use images/Q3-4/SDV9.png>
Package pdftex.def Info: images/Q3-4/SDV9.png  used on input line 545.
(pdftex.def)             Requested size: 328.82707pt x 253.30937pt.


[22 <./images/Q3-4/SDV7.png> <./images/Q3-4/SDV8.png>]

[23 <./images/Q3-4/SDV9.png>] (main.aux)
 ***********
LaTeX2e <2025-06-01>
L3 programming layer <2025-05-26>
 ***********


LaTeX Warning: There were multiply-defined labels.

 ) 
Here is how much of TeX's memory you used:
 4942 strings out of 468225
 87159 string characters out of 5432490
 484465 words of memory out of 5000000
 33438 multiletter control sequences out of 15000+600000
 634161 words of font info for 65 fonts, out of 8000000 for 9000
 1141 hyphenation exceptions out of 8191
 57i,10n,65p,743b,368s stack positions out of 10000i,1000n,20000p,200000b,200000s
 <C:\Users\Nutzer\AppData\Local\MiKTeX\fonts/pk/ljfour/jknappen/ec/dpi600\tcrm1200.pk><C:/Users/Nutzer/AppData/Local/Programs/MiKTeX/fonts/type1/public/amsfonts/cm/cmbx12.pfb><C:/Users/Nutzer/AppData/Local/Programs/MiKTeX/fonts/type1/public/amsfonts/cm/cmbxti10.pfb><C:/Users/Nutzer/AppData/Local/Programs/MiKTeX/fonts/type1/public/amsfonts/cm/cmmi12.pfb><C:/Users/Nutzer/AppData/Local/Programs/MiKTeX/fonts/type1/public/amsfonts/cm/cmmi8.pfb><C:/Users/Nutzer/AppData/Local/Programs/MiKTeX/fonts/type1/public/amsfonts/cm/cmr12.pfb><C:/Users/Nutzer/AppData/Local/Programs/MiKTeX/fonts/type1/public/amsfonts/cm/cmr17.pfb><C:/Users/Nutzer/AppData/Local/Programs/MiKTeX/fonts/type1/public/amsfonts/cm/cmr8.pfb><C:/Users/Nutzer/AppData/Local/Programs/MiKTeX/fonts/type1/public/amsfonts/cm/cmsy10.pfb><C:/Users/Nutzer/AppData/Local/Programs/MiKTeX/fonts/type1/public/amsfonts/cm/cmti12.pfb>
Output written on main.pdf (23 pages, 4006046 bytes).
PDF statistics:
 215 PDF objects out of 1000 (max. 8388607)
 0 named destinations out of 1000 (max. 500000)
 236 words of extra memory for PDF output out of 10000 (max. 10000000)

